name                                                                                                                             id          xtype uid    info   status      base_schema_ver replinfo    parent_obj  crdate                  ftcatid schema_ver  stats_schema_ver type userstat sysstat indexdel refdate                 version     deltrig     instrig     updtrig     seltrig     category    cache
-------------------------------------------------------------------------------------------------------------------------------- ----------- ----- ------ ------ ----------- --------------- ----------- ----------- ----------------------- ------- ----------- ---------------- ---- -------- ------- -------- ----------------------- ----------- ----------- ----------- ----------- ----------- ----------- ------
Employees                                                                                                                        885578193   U     5      0      0           0               0           0           2022-02-27 22:57:17.680 0       0           0                U    1        3       0        2022-02-27 22:57:17.680 0           0           0           0           0           0           0
Suppliers                                                                                                                        949578421   U     6      0      0           0               0           0           2022-02-27 22:57:17.770 0       0           0                U    1        3       0        2022-02-27 22:57:17.770 0           0           0           0           0           0           0
Categories                                                                                                                       981578535   U     6      0      0           0               0           0           2022-02-27 22:57:17.777 0       0           0                U    1        3       0        2022-02-27 22:57:17.777 0           0           0           0           0           0           0
Products                                                                                                                         1013578649  U     6      0      0           0               0           0           2022-02-27 22:57:17.783 0       0           0                U    1        3       0        2022-02-27 22:57:17.783 0           0           0           0           0           0           0
Customers                                                                                                                        1125579048  U     7      0      0           0               0           0           2022-02-27 22:57:17.793 0       0           0                U    1        3       0        2022-02-27 22:57:17.793 0           0           0           0           0           0           0
Shippers                                                                                                                         1157579162  U     7      0      0           0               0           0           2022-02-27 22:57:17.803 0       0           0                U    1        3       0        2022-02-27 22:57:17.803 0           0           0           0           0           0           0
Orders                                                                                                                           1189579276  U     7      0      0           0               0           0           2022-02-27 22:57:17.810 0       0           0                U    1        3       0        2022-02-27 22:57:17.810 0           0           0           0           0           0           0
OrderDetails                                                                                                                     1285579618  U     7      0      0           0               0           0           2022-02-27 22:57:17.830 0       0           0                U    1        3       0        2022-02-27 22:57:17.830 0           0           0           0           0           0           0
Tests                                                                                                                            1445580188  U     8      0      0           0               0           0           2022-02-27 22:57:17.840 0       0           0                U    1        3       0        2022-02-27 22:57:17.840 0           0           0           0           0           0           0
Scores                                                                                                                           1477580302  U     8      0      0           0               0           0           2022-02-27 22:57:17.840 0       0           0                U    1        3       0        2022-02-27 22:57:17.840 0           0           0           0           0           0           0
Nums                                                                                                                             1541580530  U     1      0      0           0               0           0           2022-02-27 22:57:20.843 0       0           0                U    1        3       0        2022-02-27 22:57:20.843 0           0           0           0           0           0           0

(11 rows affected)


Completion time: 2022-02-27T23:57:23.5055626+05:30
