empid       certificationname                        dateofcertification annualrenewaldate traininghours
----------- ---------------------------------------- ------------------- ----------------- -------------
1           The Walking dead                         2021-08-21          2023-08-20        24
1           All of us are dead                       2021-09-02          2023-09-01        24
1           Black Summer                             2021-07-01          2023-06-30        24
1           iZombie                                  2021-06-11          2023-06-10        24
1           Fear The Walking dead                    2021-05-31          2023-05-30        24
2           The Walking dead                         2021-08-21          2023-08-20        24
2           All of us are dead                       2021-09-02          2023-09-01        24
2           Black Summer                             2021-07-01          2023-06-30        24
2           iZombie                                  2021-06-11          2023-06-10        24
2           Fear The Walking dead                    2021-05-31          2023-05-30        24
3           The Walking dead                         2021-08-21          2023-08-20        24
3           All of us are dead                       2021-09-02          2023-09-01        24
3           Black Summer                             2021-07-01          2023-06-30        24
3           iZombie                                  2021-06-11          2023-06-10        24
3           Fear The Walking dead                    2021-05-31          2023-05-30        24
7           The Walking dead                         2021-08-21          2023-08-20        24
7           All of us are dead                       2021-09-02          2023-09-01        24
7           Black Summer                             2021-07-01          2023-06-30        24
7           iZombie                                  2021-06-11          2023-06-10        24
7           Fear The Walking dead                    2021-05-31          2023-05-30        24
9           The Walking dead                         2021-08-21          2023-08-20        24
9           All of us are dead                       2021-09-02          2023-09-01        24
9           Black Summer                             2021-07-01          2023-06-30        24
9           iZombie                                  2021-06-11          2023-06-10        24
9           Fear The Walking dead                    2021-05-31          2023-05-30        24


Completion time: 2022-02-28T01:29:41.3037239+05:30
